[2026-03-03 16:30:04] check start
PENDING: targetDate=2026-03-03 manifest.latestDate=2026-03-02 sync.lastSuccessfulDate=2026-03-02
[2026-03-03 17:00:05] check start
PENDING: targetDate=2026-03-03 manifest.latestDate=2026-03-02 sync.lastSuccessfulDate=2026-03-02
[2026-03-03 17:30:04] check start
OK: latest trading date 2026-03-03 is already reflected
[2026-03-03 17:30:05] OK: already reflected, skipping fetch
[2026-03-03 18:00:03] check start
OK: latest trading date 2026-03-03 is already reflected
[2026-03-03 18:00:04] OK: already reflected, skipping fetch
[2026-03-03 18:30:04] check start
OK: latest trading date 2026-03-03 is already reflected
[2026-03-03 18:30:06] OK: already reflected, skipping fetch
[2026-03-03 19:00:02] check start
OK: latest trading date 2026-03-03 is already reflected
[2026-03-03 19:00:03] OK: already reflected, skipping fetch
[2026-03-03 19:30:05] check start
OK: latest trading date 2026-03-03 is already reflected
[2026-03-03 19:30:06] OK: already reflected, skipping fetch
[2026-03-03 20:00:01] check start
OK: latest trading date 2026-03-03 is already reflected
[2026-03-03 20:00:02] OK: already reflected, skipping fetch
[2026-03-04 08:04:15] check start
PENDING: targetDate=2026-03-04 manifest.latestDate=2026-03-03 sync.lastSuccessfulDate=2026-03-03
[2026-03-04 08:04:18] PENDING: running J-Quants fetch
syncing 2026-02-24 (1/7)
  updated 3766 tickers
syncing 2026-02-25 (2/7)
  updated 3765 tickers
syncing 2026-02-26 (3/7)
  updated 3766 tickers
syncing 2026-02-27 (4/7)
  updated 3769 tickers
syncing 2026-03-02 (5/7)
  updated 3771 tickers
syncing 2026-03-03 (6/7)
  updated 3768 tickers
syncing 2026-03-04 (7/7)
done (3774 tickers)
[2026-03-04 08:27:34] rebuilding derived JSON
built 250 tickers
built 500 tickers
built 750 tickers
built 1000 tickers
built 1250 tickers
built 1500 tickers
built 1750 tickers
built 2000 tickers
built 2250 tickers
built 2500 tickers
built 2750 tickers
built 3000 tickers
built 3250 tickers
built 3500 tickers
built 3750 tickers
updated daily cache: 2026-02-24 (3772 records)
updated daily cache: 2026-02-25 (3771 records)
updated daily cache: 2026-02-26 (3772 records)
updated daily cache: 2026-02-27 (3773 records)
updated daily cache: 2026-03-02 (3771 records)
updated daily cache: 2026-03-03 (3768 records)
done: 3774 tickers
built rankings: 2026-02-24 (3772 records)
built rankings: 2026-02-25 (3771 records)
built rankings: 2026-02-26 (3772 records)
built rankings: 2026-02-27 (3773 records)
built rankings: 2026-03-02 (3771 records)
built rankings: 2026-03-03 (3768 records)
built overview: 2026-02-24 (3772 records)
built overview: 2026-02-25 (3771 records)
built overview: 2026-02-26 (3772 records)
built overview: 2026-02-27 (3773 records)
built overview: 2026-03-02 (3771 records)
built overview: 2026-03-03 (3768 records)
wrote manifest: /Users/okamoto/kabu_doragon/data/manifest.json
timing tickers=224.1s
timing rankings=0.5s
timing overview=0.5s
timing total=225.1s
PENDING: targetDate=2026-03-04 manifest.latestDate=2026-03-03 sync.lastSuccessfulDate=2026-03-03
[2026-03-04 08:31:20] PENDING: latest trading date not published yet updatedCodes=3774 updatedDates=6 fetch=198.3s build=225.2s total=425.0s
[2026-03-04 16:30:05] check start
PENDING: targetDate=2026-03-04 manifest.latestDate=2026-03-03 sync.lastSuccessfulDate=2026-03-03
[2026-03-04 16:30:07] PENDING: running J-Quants fetch
syncing 2026-02-24 (1/7)
  updated 3766 tickers
syncing 2026-02-25 (2/7)
  updated 3765 tickers
syncing 2026-02-26 (3/7)
  updated 3766 tickers
syncing 2026-02-27 (4/7)
  updated 3769 tickers
syncing 2026-03-02 (5/7)
  updated 3771 tickers
syncing 2026-03-03 (6/7)
  updated 3768 tickers
syncing 2026-03-04 (7/7)
  updated 3768 tickers
done (3774 tickers)
[2026-03-04 16:33:05] rebuilding derived JSON
built 250 tickers
built 500 tickers
built 750 tickers
built 1000 tickers
built 1250 tickers
built 1500 tickers
built 1750 tickers
built 2000 tickers
built 2250 tickers
built 2500 tickers
built 2750 tickers
built 3000 tickers
built 3250 tickers
built 3500 tickers
built 3750 tickers
updated daily cache: 2026-02-24 (3766 records)
updated daily cache: 2026-02-25 (3765 records)
updated daily cache: 2026-02-26 (3766 records)
updated daily cache: 2026-02-27 (3769 records)
updated daily cache: 2026-03-02 (3771 records)
updated daily cache: 2026-03-03 (3768 records)
updated daily cache: 2026-03-04 (3768 records)
done: 3774 tickers
built rankings: 2026-02-24 (3772 records)
built rankings: 2026-02-25 (3771 records)
built rankings: 2026-02-26 (3772 records)
built rankings: 2026-02-27 (3773 records)
built rankings: 2026-03-02 (3771 records)
built rankings: 2026-03-03 (3768 records)
built overview: 2026-02-24 (3772 records)
built overview: 2026-02-25 (3771 records)
built overview: 2026-02-26 (3772 records)
built overview: 2026-02-27 (3773 records)
built overview: 2026-03-02 (3771 records)
built overview: 2026-03-03 (3768 records)
wrote manifest: /Users/okamoto/kabu_doragon/data/manifest.json
timing tickers=197.9s
timing rankings=0.4s
timing overview=0.5s
timing total=198.8s
PENDING: targetDate=2026-03-04 manifest.latestDate=2026-03-03 sync.lastSuccessfulDate=2026-03-04
[2026-03-04 16:36:24] PENDING: latest trading date not published yet updatedCodes=3774 updatedDates=7 fetch=177.5s build=198.9s total=377.3s
[2026-03-04 17:00:04] check start
PENDING: targetDate=2026-03-04 manifest.latestDate=2026-03-03 sync.lastSuccessfulDate=2026-03-04
[2026-03-04 17:00:06] PENDING: running J-Quants fetch
syncing 2026-02-25 (1/6)
  updated 3765 tickers
syncing 2026-02-26 (2/6)
  updated 3766 tickers
syncing 2026-02-27 (3/6)
  updated 3769 tickers
syncing 2026-03-02 (4/6)
  updated 3771 tickers
syncing 2026-03-03 (5/6)
  updated 3768 tickers
syncing 2026-03-04 (6/6)
  updated 3768 tickers
done (3774 tickers)
[2026-03-04 17:03:03] rebuilding derived JSON
built 250 tickers
built 500 tickers
built 750 tickers
built 1000 tickers
built 1250 tickers
built 1500 tickers
built 1750 tickers
built 2000 tickers
built 2250 tickers
built 2500 tickers
built 2750 tickers
built 3000 tickers
built 3250 tickers
built 3500 tickers
built 3750 tickers
updated daily cache: 2026-02-25 (3765 records)
updated daily cache: 2026-02-26 (3766 records)
updated daily cache: 2026-02-27 (3769 records)
updated daily cache: 2026-03-02 (3771 records)
updated daily cache: 2026-03-03 (3768 records)
updated daily cache: 2026-03-04 (3768 records)
done: 3774 tickers
built rankings: 2026-02-25 (3771 records)
built rankings: 2026-02-26 (3772 records)
built rankings: 2026-02-27 (3773 records)
built rankings: 2026-03-02 (3771 records)
built rankings: 2026-03-03 (3768 records)
built overview: 2026-02-25 (3771 records)
built overview: 2026-02-26 (3772 records)
built overview: 2026-02-27 (3773 records)
built overview: 2026-03-02 (3771 records)
built overview: 2026-03-03 (3768 records)
wrote manifest: /Users/okamoto/kabu_doragon/data/manifest.json
timing tickers=201.8s
timing rankings=0.3s
timing overview=0.4s
timing total=202.5s
PENDING: targetDate=2026-03-04 manifest.latestDate=2026-03-03 sync.lastSuccessfulDate=2026-03-04
[2026-03-04 17:06:26] PENDING: latest trading date not published yet updatedCodes=3774 updatedDates=6 fetch=176.5s build=202.6s total=380.1s
[2026-03-04 17:30:05] check start
PENDING: targetDate=2026-03-04 manifest.latestDate=2026-03-03 sync.lastSuccessfulDate=2026-03-04
[2026-03-04 17:30:07] PENDING: running J-Quants fetch
syncing 2026-02-25 (1/6)
  updated 3765 tickers
syncing 2026-02-26 (2/6)
  updated 3766 tickers
syncing 2026-02-27 (3/6)
  updated 3769 tickers
syncing 2026-03-02 (4/6)
  updated 3771 tickers
syncing 2026-03-03 (5/6)
  updated 3768 tickers
syncing 2026-03-04 (6/6)
  updated 3768 tickers
done (3774 tickers)
[2026-03-04 17:33:51] rebuilding derived JSON
built 250 tickers
built 500 tickers
built 750 tickers
built 1000 tickers
built 1250 tickers
built 1500 tickers
built 1750 tickers
built 2000 tickers
built 2250 tickers
built 2500 tickers
built 2750 tickers
built 3000 tickers
built 3250 tickers
built 3500 tickers
built 3750 tickers
updated daily cache: 2026-02-25 (3765 records)
updated daily cache: 2026-02-26 (3766 records)
updated daily cache: 2026-02-27 (3769 records)
updated daily cache: 2026-03-02 (3771 records)
updated daily cache: 2026-03-03 (3768 records)
updated daily cache: 2026-03-04 (3768 records)
done: 3774 tickers
built rankings: 2026-02-25 (3771 records)
built rankings: 2026-02-26 (3772 records)
built rankings: 2026-02-27 (3773 records)
built rankings: 2026-03-02 (3771 records)
built rankings: 2026-03-03 (3768 records)
built rankings: 2026-03-04 (3768 records)
built overview: 2026-02-25 (3771 records)
built overview: 2026-02-26 (3772 records)
built overview: 2026-02-27 (3773 records)
built overview: 2026-03-02 (3771 records)
built overview: 2026-03-03 (3768 records)
built overview: 2026-03-04 (3768 records)
wrote manifest: /Users/okamoto/kabu_doragon/data/manifest.json
timing tickers=278.9s
timing rankings=0.5s
timing overview=0.6s
timing total=280.0s
OK: latest trading date 2026-03-04 is already reflected
[2026-03-04 17:38:33] OK: latest trading date reflected updatedCodes=3774 updatedDates=6 fetch=224.8s build=280.1s total=505.9s
[2026-03-04 18:00:04] check start
OK: latest trading date 2026-03-04 is already reflected
[2026-03-04 18:00:06] OK: already reflected, skipping fetch
[2026-03-04 18:30:04] check start
OK: latest trading date 2026-03-04 is already reflected
[2026-03-04 18:30:06] OK: already reflected, skipping fetch
[2026-03-04 19:00:05] check start
OK: latest trading date 2026-03-04 is already reflected
[2026-03-04 19:00:07] OK: already reflected, skipping fetch
[2026-03-04 19:30:05] check start
OK: latest trading date 2026-03-04 is already reflected
[2026-03-04 19:30:06] OK: already reflected, skipping fetch
[2026-03-04 20:00:05] check start
OK: latest trading date 2026-03-04 is already reflected
[2026-03-04 20:00:07] OK: already reflected, skipping fetch
[2026-03-05 08:02:41] check start
PENDING: targetDate=2026-03-05 manifest.latestDate=2026-03-04 sync.lastSuccessfulDate=2026-03-04
[2026-03-05 08:02:44] PENDING: running J-Quants fetch
syncing 2026-02-25 (1/7)
  updated 3765 tickers
syncing 2026-02-26 (2/7)
  updated 3766 tickers
syncing 2026-02-27 (3/7)
  updated 3769 tickers
syncing 2026-03-02 (4/7)
  updated 3771 tickers
syncing 2026-03-03 (5/7)
  updated 3768 tickers
syncing 2026-03-04 (6/7)
  updated 3768 tickers
syncing 2026-03-05 (7/7)
done (3774 tickers)
[2026-03-05 08:31:49] rebuilding derived JSON
built 250 tickers
built 500 tickers
built 750 tickers
built 1000 tickers
built 1250 tickers
built 1500 tickers
built 1750 tickers
built 2000 tickers
built 2250 tickers
built 2500 tickers
built 2750 tickers
built 3000 tickers
built 3250 tickers
built 3500 tickers
built 3750 tickers
updated daily cache: 2026-02-25 (3765 records)
updated daily cache: 2026-02-26 (3766 records)
updated daily cache: 2026-02-27 (3769 records)
updated daily cache: 2026-03-02 (3771 records)
updated daily cache: 2026-03-03 (3768 records)
updated daily cache: 2026-03-04 (3768 records)
done: 3774 tickers
built rankings: 2026-02-25 (3771 records)
built rankings: 2026-02-26 (3772 records)
built rankings: 2026-02-27 (3773 records)
built rankings: 2026-03-02 (3771 records)
built rankings: 2026-03-03 (3768 records)
built rankings: 2026-03-04 (3768 records)
built overview: 2026-02-25 (3771 records)
built overview: 2026-02-26 (3772 records)
built overview: 2026-02-27 (3773 records)
built overview: 2026-03-02 (3771 records)
built overview: 2026-03-03 (3768 records)
built overview: 2026-03-04 (3768 records)
wrote manifest: /Users/okamoto/kabu_doragon/data/manifest.json
timing tickers=204.5s
timing rankings=0.4s
timing overview=0.5s
timing total=205.5s
PENDING: targetDate=2026-03-05 manifest.latestDate=2026-03-04 sync.lastSuccessfulDate=2026-03-04
[2026-03-05 08:35:16] PENDING: latest trading date not published yet updatedCodes=3774 updatedDates=6 fetch=204.8s build=205.5s total=411.3s
[2026-03-05 16:30:05] check start
PENDING: targetDate=2026-03-05 manifest.latestDate=2026-03-04 sync.lastSuccessfulDate=2026-03-04
[2026-03-05 16:30:06] PENDING: running J-Quants fetch
syncing 2026-02-25 (1/7)
  updated 3765 tickers
syncing 2026-02-26 (2/7)
  updated 3766 tickers
syncing 2026-02-27 (3/7)
  updated 3769 tickers
syncing 2026-03-02 (4/7)
  updated 3771 tickers
syncing 2026-03-03 (5/7)
  updated 3768 tickers
syncing 2026-03-04 (6/7)
  updated 3768 tickers
syncing 2026-03-05 (7/7)
  updated 3763 tickers
done (3774 tickers)
[2026-03-05 16:33:20] rebuilding derived JSON
built 250 tickers
built 500 tickers
built 750 tickers
built 1000 tickers
built 1250 tickers
built 1500 tickers
built 1750 tickers
built 2000 tickers
built 2250 tickers
built 2500 tickers
built 2750 tickers
built 3000 tickers
built 3250 tickers
built 3500 tickers
built 3750 tickers
updated daily cache: 2026-02-25 (3765 records)
updated daily cache: 2026-02-26 (3766 records)
updated daily cache: 2026-02-27 (3769 records)
updated daily cache: 2026-03-02 (3771 records)
updated daily cache: 2026-03-03 (3768 records)
updated daily cache: 2026-03-04 (3768 records)
updated daily cache: 2026-03-05 (3763 records)
done: 3774 tickers
built rankings: 2026-03-05 (3763 records)
built overview: 2026-03-05 (3763 records)
wrote manifest: /Users/okamoto/kabu_doragon/data/manifest.json
timing tickers=202.9s
timing rankings=0.1s
timing overview=0.1s
timing total=203.1s
OK: latest trading date 2026-03-05 is already reflected
[2026-03-05 16:36:44] OK: latest trading date reflected updatedCodes=3774 updatedDates=7 fetch=193.8s build=203.2s total=398.0s
[2026-03-05 17:00:04] check start
OK: latest trading date 2026-03-05 is already reflected
[2026-03-05 17:00:06] OK: already reflected, skipping fetch
[2026-03-05 17:30:00] check start
OK: latest trading date 2026-03-05 is already reflected
[2026-03-05 17:30:01] OK: already reflected, skipping fetch
[2026-03-05 18:00:05] check start
OK: latest trading date 2026-03-05 is already reflected
[2026-03-05 18:00:06] OK: already reflected, skipping fetch
[2026-03-05 18:30:04] check start
OK: latest trading date 2026-03-05 is already reflected
[2026-03-05 18:30:06] OK: already reflected, skipping fetch
[2026-03-05 19:00:05] check start
OK: latest trading date 2026-03-05 is already reflected
[2026-03-05 19:00:06] OK: already reflected, skipping fetch
[2026-03-05 19:30:04] check start
OK: latest trading date 2026-03-05 is already reflected
[2026-03-05 19:30:05] OK: already reflected, skipping fetch
[2026-03-05 20:00:04] check start
OK: latest trading date 2026-03-05 is already reflected
[2026-03-05 20:00:05] OK: already reflected, skipping fetch
[2026-03-06 08:12:22] check start
PENDING: targetDate=2026-03-06 manifest.latestDate=2026-03-05 sync.lastSuccessfulDate=2026-03-05
[2026-03-06 08:12:26] PENDING: running J-Quants fetch
syncing 2026-02-26 (1/7)
  updated 3765 tickers
syncing 2026-02-27 (2/7)
  updated 3768 tickers
syncing 2026-03-02 (3/7)
  updated 3770 tickers
syncing 2026-03-03 (4/7)
  updated 3767 tickers
syncing 2026-03-04 (5/7)
  updated 3767 tickers
syncing 2026-03-05 (6/7)
  updated 3762 tickers
syncing 2026-03-06 (7/7)
done (3773 tickers)
[2026-03-06 08:43:46] rebuilding derived JSON
built 250 tickers
built 500 tickers
built 750 tickers
built 1000 tickers
built 1250 tickers
built 1500 tickers
built 1750 tickers
built 2000 tickers
built 2250 tickers
built 2500 tickers
built 2750 tickers
built 3000 tickers
built 3250 tickers
built 3500 tickers
built 3750 tickers
updated daily cache: 2026-02-26 (3765 records)
updated daily cache: 2026-02-27 (3768 records)
updated daily cache: 2026-03-02 (3770 records)
updated daily cache: 2026-03-03 (3767 records)
updated daily cache: 2026-03-04 (3767 records)
updated daily cache: 2026-03-05 (3762 records)
done: 3773 tickers
built rankings: 2026-02-26 (3772 records)
built rankings: 2026-02-27 (3773 records)
built rankings: 2026-03-02 (3771 records)
built rankings: 2026-03-03 (3768 records)
built rankings: 2026-03-04 (3768 records)
built rankings: 2026-03-05 (3763 records)
built overview: 2026-02-26 (3772 records)
built overview: 2026-02-27 (3773 records)
built overview: 2026-03-02 (3771 records)
built overview: 2026-03-03 (3768 records)
built overview: 2026-03-04 (3768 records)
built overview: 2026-03-05 (3763 records)
wrote manifest: /Users/okamoto/kabu_doragon/data/manifest.json
timing tickers=247.2s
timing rankings=0.5s
timing overview=0.5s
timing total=248.2s
PENDING: targetDate=2026-03-06 manifest.latestDate=2026-03-05 sync.lastSuccessfulDate=2026-03-05
[2026-03-06 08:49:01] PENDING: latest trading date not published yet updatedCodes=3773 updatedDates=6 fetch=173.6s build=248.3s total=422.9s
[2026-03-06 16:30:05] check start
PENDING: targetDate=2026-03-06 manifest.latestDate=2026-03-05 sync.lastSuccessfulDate=2026-03-05
[2026-03-06 16:30:07] PENDING: running J-Quants fetch
syncing 2026-02-26 (1/7)
  updated 3765 tickers
syncing 2026-02-27 (2/7)
  updated 3768 tickers
syncing 2026-03-02 (3/7)
  updated 3770 tickers
syncing 2026-03-03 (4/7)
  updated 3767 tickers
syncing 2026-03-04 (5/7)
  updated 3767 tickers
syncing 2026-03-05 (6/7)
  updated 3762 tickers
syncing 2026-03-06 (7/7)
  updated 3752 tickers
done (3773 tickers)
[2026-03-06 16:33:02] rebuilding derived JSON
built 250 tickers
built 500 tickers
built 750 tickers
built 1000 tickers
built 1250 tickers
built 1500 tickers
built 1750 tickers
built 2000 tickers
built 2250 tickers
built 2500 tickers
built 2750 tickers
built 3000 tickers
built 3250 tickers
built 3500 tickers
built 3750 tickers
updated daily cache: 2026-02-26 (3765 records)
updated daily cache: 2026-02-27 (3768 records)
updated daily cache: 2026-03-02 (3770 records)
updated daily cache: 2026-03-03 (3767 records)
updated daily cache: 2026-03-04 (3767 records)
updated daily cache: 2026-03-05 (3762 records)
updated daily cache: 2026-03-06 (3752 records)
done: 3773 tickers
built rankings: 2026-02-26 (3772 records)
built rankings: 2026-02-27 (3773 records)
built rankings: 2026-03-02 (3771 records)
built rankings: 2026-03-03 (3768 records)
built rankings: 2026-03-04 (3768 records)
built rankings: 2026-03-05 (3763 records)
built rankings: 2026-03-06 (3752 records)
built overview: 2026-02-26 (3772 records)
built overview: 2026-02-27 (3773 records)
built overview: 2026-03-02 (3771 records)
built overview: 2026-03-03 (3768 records)
built overview: 2026-03-04 (3768 records)
built overview: 2026-03-05 (3763 records)
built overview: 2026-03-06 (3752 records)
wrote manifest: /Users/okamoto/kabu_doragon/data/manifest.json
timing tickers=199.2s
timing rankings=0.5s
timing overview=0.5s
timing total=200.2s
OK: latest trading date 2026-03-06 is already reflected
[2026-03-06 16:36:23] OK: latest trading date reflected updatedCodes=3773 updatedDates=7 fetch=174.1s build=200.3s total=375.8s
[2026-03-06 17:00:04] check start
OK: latest trading date 2026-03-06 is already reflected
[2026-03-06 17:00:07] OK: already reflected, skipping fetch
[2026-03-06 17:30:04] check start
OK: latest trading date 2026-03-06 is already reflected
[2026-03-06 17:30:06] OK: already reflected, skipping fetch
[2026-03-06 18:00:04] check start
OK: latest trading date 2026-03-06 is already reflected
[2026-03-06 18:00:05] OK: already reflected, skipping fetch
[2026-03-06 18:30:03] check start
OK: latest trading date 2026-03-06 is already reflected
[2026-03-06 18:30:05] OK: already reflected, skipping fetch
[2026-03-06 19:00:02] check start
OK: latest trading date 2026-03-06 is already reflected
[2026-03-06 19:00:04] OK: already reflected, skipping fetch
[2026-03-06 19:30:05] check start
OK: latest trading date 2026-03-06 is already reflected
[2026-03-06 19:30:06] OK: already reflected, skipping fetch
[2026-03-06 20:00:05] check start
OK: latest trading date 2026-03-06 is already reflected
[2026-03-06 20:00:06] OK: already reflected, skipping fetch
[2026-03-07 08:08:49] check start
OK: latest trading date 2026-03-06 is already reflected
[2026-03-07 08:08:52] OK: already reflected, skipping fetch
[2026-03-07 16:30:04] check start
OK: latest trading date 2026-03-06 is already reflected
[2026-03-07 16:30:10] OK: already reflected, skipping fetch
[2026-03-07 17:00:04] check start
OK: latest trading date 2026-03-06 is already reflected
[2026-03-07 17:00:06] OK: already reflected, skipping fetch
[2026-03-07 17:30:05] check start
OK: latest trading date 2026-03-06 is already reflected
[2026-03-07 17:30:07] OK: already reflected, skipping fetch
[2026-03-07 18:00:04] check start
OK: latest trading date 2026-03-06 is already reflected
[2026-03-07 18:00:05] OK: already reflected, skipping fetch
[2026-03-07 18:30:03] check start
OK: latest trading date 2026-03-06 is already reflected
[2026-03-07 18:30:04] OK: already reflected, skipping fetch
[2026-03-07 19:00:05] check start
OK: latest trading date 2026-03-06 is already reflected
[2026-03-07 19:00:06] OK: already reflected, skipping fetch
[2026-03-07 19:30:05] check start
OK: latest trading date 2026-03-06 is already reflected
[2026-03-07 19:30:06] OK: already reflected, skipping fetch
[2026-03-07 20:00:01] check start
OK: latest trading date 2026-03-06 is already reflected
[2026-03-07 20:00:02] OK: already reflected, skipping fetch
