Traceback (most recent call last):
  File "/Users/okamoto/My Project/kabu_doragon/scripts/check_jquants_latest.py", line 45, in <module>
    raise SystemExit(main())
                     ~~~~^^
  File "/Users/okamoto/My Project/kabu_doragon/scripts/check_jquants_latest.py", line 29, in main
    target_date = resolve_latest_trading_date(client, api_version)
  File "/Users/okamoto/My Project/kabu_doragon/src/jquants_provider.py", line 910, in resolve_latest_trading_date
    trading_dates = fetch_trading_dates(client, api_version, today - timedelta(days=14), today)
  File "/Users/okamoto/My Project/kabu_doragon/src/jquants_provider.py", line 990, in fetch_trading_dates
    frame = client.get_mkt_calendar(
        from_yyyymmdd=format_yyyymmdd(start_date),
        to_yyyymmdd=format_yyyymmdd(end_date),
    )
  File "/Users/okamoto/My Project/kabu_doragon/.venv/lib/python3.14/site-packages/jquantsapi/client_v2.py", line 1109, in get_mkt_calendar
    return self._mkt_calendar_api.execute(
           ~~~~~~~~~~~~~~~~~~~~~~~~~~~~~~^
        self,
        ^^^^^
    ...<2 lines>...
        to_yyyymmdd=to_yyyymmdd,
        ^^^^^^^^^^^^^^^^^^^^^^^^
    )
    ^
  File "/Users/okamoto/My Project/kabu_doragon/.venv/lib/python3.14/site-packages/jquantsapi/apis/v2/markets.py", line 290, in execute
    data = client._get_paginated(  # type: ignore[attr-defined]
        "/markets/calendar",
        params=params,
    )
  File "/Users/okamoto/My Project/kabu_doragon/.venv/lib/python3.14/site-packages/jquantsapi/client_v2.py", line 268, in _get_paginated
    resp = self._get(url, params=query)
  File "/Users/okamoto/My Project/kabu_doragon/.venv/lib/python3.14/site-packages/jquantsapi/client_v2.py", line 244, in _get
    self._raise_for_status(resp)
    ~~~~~~~~~~~~~~~~~~~~~~^^^^^^
  File "/Users/okamoto/My Project/kabu_doragon/.venv/lib/python3.14/site-packages/jquantsapi/client_v2.py", line 233, in _raise_for_status
    raise HTTPError(msg, response=resp)
requests.exceptions.HTTPError: 403 for url: https://api.jquants.com/v2/markets/calendar?from=2026-04-10&to=2026-04-24 body: The incoming api key is invalid or expired.
[2026-04-24 16:30:06] ERROR: pre-check failed with exit 1
Traceback (most recent call last):
  File "/Users/okamoto/My Project/kabu_doragon/scripts/check_jquants_latest.py", line 45, in <module>
    raise SystemExit(main())
                     ~~~~^^
  File "/Users/okamoto/My Project/kabu_doragon/scripts/check_jquants_latest.py", line 29, in main
    target_date = resolve_latest_trading_date(client, api_version)
  File "/Users/okamoto/My Project/kabu_doragon/src/jquants_provider.py", line 910, in resolve_latest_trading_date
    trading_dates = fetch_trading_dates(client, api_version, today - timedelta(days=14), today)
  File "/Users/okamoto/My Project/kabu_doragon/src/jquants_provider.py", line 990, in fetch_trading_dates
    frame = client.get_mkt_calendar(
        from_yyyymmdd=format_yyyymmdd(start_date),
        to_yyyymmdd=format_yyyymmdd(end_date),
    )
  File "/Users/okamoto/My Project/kabu_doragon/.venv/lib/python3.14/site-packages/jquantsapi/client_v2.py", line 1109, in get_mkt_calendar
    return self._mkt_calendar_api.execute(
           ~~~~~~~~~~~~~~~~~~~~~~~~~~~~~~^
        self,
        ^^^^^
    ...<2 lines>...
        to_yyyymmdd=to_yyyymmdd,
        ^^^^^^^^^^^^^^^^^^^^^^^^
    )
    ^
  File "/Users/okamoto/My Project/kabu_doragon/.venv/lib/python3.14/site-packages/jquantsapi/apis/v2/markets.py", line 290, in execute
    data = client._get_paginated(  # type: ignore[attr-defined]
        "/markets/calendar",
        params=params,
    )
  File "/Users/okamoto/My Project/kabu_doragon/.venv/lib/python3.14/site-packages/jquantsapi/client_v2.py", line 268, in _get_paginated
    resp = self._get(url, params=query)
  File "/Users/okamoto/My Project/kabu_doragon/.venv/lib/python3.14/site-packages/jquantsapi/client_v2.py", line 244, in _get
    self._raise_for_status(resp)
    ~~~~~~~~~~~~~~~~~~~~~~^^^^^^
  File "/Users/okamoto/My Project/kabu_doragon/.venv/lib/python3.14/site-packages/jquantsapi/client_v2.py", line 233, in _raise_for_status
    raise HTTPError(msg, response=resp)
requests.exceptions.HTTPError: 403 for url: https://api.jquants.com/v2/markets/calendar?from=2026-04-10&to=2026-04-24 body: The incoming api key is invalid or expired.
[2026-04-24 17:00:01] ERROR: pre-check failed with exit 1
Traceback (most recent call last):
  File "/Users/okamoto/My Project/kabu_doragon/scripts/check_jquants_latest.py", line 45, in <module>
    raise SystemExit(main())
                     ~~~~^^
  File "/Users/okamoto/My Project/kabu_doragon/scripts/check_jquants_latest.py", line 29, in main
    target_date = resolve_latest_trading_date(client, api_version)
  File "/Users/okamoto/My Project/kabu_doragon/src/jquants_provider.py", line 910, in resolve_latest_trading_date
    trading_dates = fetch_trading_dates(client, api_version, today - timedelta(days=14), today)
  File "/Users/okamoto/My Project/kabu_doragon/src/jquants_provider.py", line 990, in fetch_trading_dates
    frame = client.get_mkt_calendar(
        from_yyyymmdd=format_yyyymmdd(start_date),
        to_yyyymmdd=format_yyyymmdd(end_date),
    )
  File "/Users/okamoto/My Project/kabu_doragon/.venv/lib/python3.14/site-packages/jquantsapi/client_v2.py", line 1109, in get_mkt_calendar
    return self._mkt_calendar_api.execute(
           ~~~~~~~~~~~~~~~~~~~~~~~~~~~~~~^
        self,
        ^^^^^
    ...<2 lines>...
        to_yyyymmdd=to_yyyymmdd,
        ^^^^^^^^^^^^^^^^^^^^^^^^
    )
    ^
  File "/Users/okamoto/My Project/kabu_doragon/.venv/lib/python3.14/site-packages/jquantsapi/apis/v2/markets.py", line 290, in execute
    data = client._get_paginated(  # type: ignore[attr-defined]
        "/markets/calendar",
        params=params,
    )
  File "/Users/okamoto/My Project/kabu_doragon/.venv/lib/python3.14/site-packages/jquantsapi/client_v2.py", line 268, in _get_paginated
    resp = self._get(url, params=query)
  File "/Users/okamoto/My Project/kabu_doragon/.venv/lib/python3.14/site-packages/jquantsapi/client_v2.py", line 244, in _get
    self._raise_for_status(resp)
    ~~~~~~~~~~~~~~~~~~~~~~^^^^^^
  File "/Users/okamoto/My Project/kabu_doragon/.venv/lib/python3.14/site-packages/jquantsapi/client_v2.py", line 233, in _raise_for_status
    raise HTTPError(msg, response=resp)
requests.exceptions.HTTPError: 403 for url: https://api.jquants.com/v2/markets/calendar?from=2026-04-10&to=2026-04-24 body: The incoming api key is invalid or expired.
[2026-04-24 17:30:01] ERROR: pre-check failed with exit 1
Traceback (most recent call last):
  File "/Users/okamoto/My Project/kabu_doragon/scripts/check_jquants_latest.py", line 45, in <module>
    raise SystemExit(main())
                     ~~~~^^
  File "/Users/okamoto/My Project/kabu_doragon/scripts/check_jquants_latest.py", line 29, in main
    target_date = resolve_latest_trading_date(client, api_version)
  File "/Users/okamoto/My Project/kabu_doragon/src/jquants_provider.py", line 910, in resolve_latest_trading_date
    trading_dates = fetch_trading_dates(client, api_version, today - timedelta(days=14), today)
  File "/Users/okamoto/My Project/kabu_doragon/src/jquants_provider.py", line 990, in fetch_trading_dates
    frame = client.get_mkt_calendar(
        from_yyyymmdd=format_yyyymmdd(start_date),
        to_yyyymmdd=format_yyyymmdd(end_date),
    )
  File "/Users/okamoto/My Project/kabu_doragon/.venv/lib/python3.14/site-packages/jquantsapi/client_v2.py", line 1109, in get_mkt_calendar
    return self._mkt_calendar_api.execute(
           ~~~~~~~~~~~~~~~~~~~~~~~~~~~~~~^
        self,
        ^^^^^
    ...<2 lines>...
        to_yyyymmdd=to_yyyymmdd,
        ^^^^^^^^^^^^^^^^^^^^^^^^
    )
    ^
  File "/Users/okamoto/My Project/kabu_doragon/.venv/lib/python3.14/site-packages/jquantsapi/apis/v2/markets.py", line 290, in execute
    data = client._get_paginated(  # type: ignore[attr-defined]
        "/markets/calendar",
        params=params,
    )
  File "/Users/okamoto/My Project/kabu_doragon/.venv/lib/python3.14/site-packages/jquantsapi/client_v2.py", line 268, in _get_paginated
    resp = self._get(url, params=query)
  File "/Users/okamoto/My Project/kabu_doragon/.venv/lib/python3.14/site-packages/jquantsapi/client_v2.py", line 244, in _get
    self._raise_for_status(resp)
    ~~~~~~~~~~~~~~~~~~~~~~^^^^^^
  File "/Users/okamoto/My Project/kabu_doragon/.venv/lib/python3.14/site-packages/jquantsapi/client_v2.py", line 233, in _raise_for_status
    raise HTTPError(msg, response=resp)
requests.exceptions.HTTPError: 403 for url: https://api.jquants.com/v2/markets/calendar?from=2026-04-10&to=2026-04-24 body: The incoming api key is invalid or expired.
[2026-04-24 18:00:03] ERROR: pre-check failed with exit 1
[2026-04-28 12:31:43] ERROR: quality gate failed date=2026-04-27
[2026-04-28 18:49:24] ERROR: quality gate failed date=2026-04-28
Traceback (most recent call last):
  File "/Users/okamoto/My Project/kabu_doragon/.venv/lib/python3.14/site-packages/urllib3/connection.py", line 204, in _new_conn
    sock = connection.create_connection(
        (self._dns_host, self.port),
    ...<2 lines>...
        socket_options=self.socket_options,
    )
  File "/Users/okamoto/My Project/kabu_doragon/.venv/lib/python3.14/site-packages/urllib3/util/connection.py", line 60, in create_connection
    for res in socket.getaddrinfo(host, port, family, socket.SOCK_STREAM):
               ~~~~~~~~~~~~~~~~~~^^^^^^^^^^^^^^^^^^^^^^^^^^^^^^^^^^^^^^^^
  File "/opt/homebrew/Cellar/python@3.14/3.14.3_1/Frameworks/Python.framework/Versions/3.14/lib/python3.14/socket.py", line 983, in getaddrinfo
    for res in _socket.getaddrinfo(host, port, family, type, proto, flags):
               ~~~~~~~~~~~~~~~~~~~^^^^^^^^^^^^^^^^^^^^^^^^^^^^^^^^^^^^^^^^
socket.gaierror: [Errno 8] nodename nor servname provided, or not known

The above exception was the direct cause of the following exception:

Traceback (most recent call last):
  File "/Users/okamoto/My Project/kabu_doragon/.venv/lib/python3.14/site-packages/urllib3/connectionpool.py", line 787, in urlopen
    response = self._make_request(
        conn,
    ...<10 lines>...
        **response_kw,
    )
  File "/Users/okamoto/My Project/kabu_doragon/.venv/lib/python3.14/site-packages/urllib3/connectionpool.py", line 488, in _make_request
    raise new_e
  File "/Users/okamoto/My Project/kabu_doragon/.venv/lib/python3.14/site-packages/urllib3/connectionpool.py", line 464, in _make_request
    self._validate_conn(conn)
    ~~~~~~~~~~~~~~~~~~~^^^^^^
  File "/Users/okamoto/My Project/kabu_doragon/.venv/lib/python3.14/site-packages/urllib3/connectionpool.py", line 1093, in _validate_conn
    conn.connect()
    ~~~~~~~~~~~~^^
  File "/Users/okamoto/My Project/kabu_doragon/.venv/lib/python3.14/site-packages/urllib3/connection.py", line 759, in connect
    self.sock = sock = self._new_conn()
                       ~~~~~~~~~~~~~~^^
  File "/Users/okamoto/My Project/kabu_doragon/.venv/lib/python3.14/site-packages/urllib3/connection.py", line 211, in _new_conn
    raise NameResolutionError(self.host, self, e) from e
urllib3.exceptions.NameResolutionError: HTTPSConnection(host='api.jquants.com', port=443): Failed to resolve 'api.jquants.com' ([Errno 8] nodename nor servname provided, or not known)

The above exception was the direct cause of the following exception:

Traceback (most recent call last):
  File "/Users/okamoto/My Project/kabu_doragon/.venv/lib/python3.14/site-packages/requests/adapters.py", line 645, in send
    resp = conn.urlopen(
        method=request.method,
    ...<9 lines>...
        chunked=chunked,
    )
  File "/Users/okamoto/My Project/kabu_doragon/.venv/lib/python3.14/site-packages/urllib3/connectionpool.py", line 871, in urlopen
    return self.urlopen(
           ~~~~~~~~~~~~^
        method,
        ^^^^^^^
    ...<13 lines>...
        **response_kw,
        ^^^^^^^^^^^^^^
    )
    ^
  File "/Users/okamoto/My Project/kabu_doragon/.venv/lib/python3.14/site-packages/urllib3/connectionpool.py", line 871, in urlopen
    return self.urlopen(
           ~~~~~~~~~~~~^
        method,
        ^^^^^^^
    ...<13 lines>...
        **response_kw,
        ^^^^^^^^^^^^^^
    )
    ^
  File "/Users/okamoto/My Project/kabu_doragon/.venv/lib/python3.14/site-packages/urllib3/connectionpool.py", line 871, in urlopen
    return self.urlopen(
           ~~~~~~~~~~~~^
        method,
        ^^^^^^^
    ...<13 lines>...
        **response_kw,
        ^^^^^^^^^^^^^^
    )
    ^
  File "/Users/okamoto/My Project/kabu_doragon/.venv/lib/python3.14/site-packages/urllib3/connectionpool.py", line 841, in urlopen
    retries = retries.increment(
        method, url, error=new_e, _pool=self, _stacktrace=sys.exc_info()[2]
    )
  File "/Users/okamoto/My Project/kabu_doragon/.venv/lib/python3.14/site-packages/urllib3/util/retry.py", line 535, in increment
    raise MaxRetryError(_pool, url, reason) from reason  # type: ignore[arg-type]
    ^^^^^^^^^^^^^^^^^^^^^^^^^^^^^^^^^^^^^^^^^^^^^^^^^^^
urllib3.exceptions.MaxRetryError: HTTPSConnectionPool(host='api.jquants.com', port=443): Max retries exceeded with url: /v2/equities/bars/daily?date=2026-04-23 (Caused by NameResolutionError("HTTPSConnection(host='api.jquants.com', port=443): Failed to resolve 'api.jquants.com' ([Errno 8] nodename nor servname provided, or not known)"))

During handling of the above exception, another exception occurred:

Traceback (most recent call last):
  File "/Users/okamoto/My Project/kabu_doragon/src/jquants_provider.py", line 1576, in <module>
    raise SystemExit(main())
                     ~~~~^^
  File "/Users/okamoto/My Project/kabu_doragon/src/jquants_provider.py", line 1572, in main
    return run_sync(parse_args())
  File "/Users/okamoto/My Project/kabu_doragon/src/jquants_provider.py", line 1539, in run_sync
    latest_date, updated_dates, updated_codes, adjusted_codes, adjusted_date_from = sync_prices(
                                                                                    ~~~~~~~~~~~^
        client,
        ^^^^^^^
    ...<5 lines>...
        args.chunk_days,
        ^^^^^^^^^^^^^^^^
    )
    ^
  File "/Users/okamoto/My Project/kabu_doragon/src/jquants_provider.py", line 1173, in sync_prices
    frame = client.get_eq_bars_daily(date_yyyymmdd=format_yyyymmdd(trading_date))
  File "/Users/okamoto/My Project/kabu_doragon/.venv/lib/python3.14/site-packages/jquantsapi/client_v2.py", line 385, in get_eq_bars_daily
    return self._eq_bars_daily_api.execute(
           ~~~~~~~~~~~~~~~~~~~~~~~~~~~~~~~^
        self,
        ^^^^^
    ...<3 lines>...
        date_yyyymmdd=date_yyyymmdd,
        ^^^^^^^^^^^^^^^^^^^^^^^^^^^^
    )
    ^
  File "/Users/okamoto/My Project/kabu_doragon/.venv/lib/python3.14/site-packages/jquantsapi/apis/v2/equities.py", line 86, in execute
    all_data = client._get_paginated(  # type: ignore[attr-defined]
        "/equities/bars/daily",
        params=params,
    )
  File "/Users/okamoto/My Project/kabu_doragon/.venv/lib/python3.14/site-packages/jquantsapi/client_v2.py", line 268, in _get_paginated
    resp = self._get(url, params=query)
  File "/Users/okamoto/My Project/kabu_doragon/.venv/lib/python3.14/site-packages/jquantsapi/client_v2.py", line 243, in _get
    resp = session.get(url, params=params, headers=headers, timeout=30)
  File "/Users/okamoto/My Project/kabu_doragon/.venv/lib/python3.14/site-packages/requests/sessions.py", line 605, in get
    return self.request("GET", url, **kwargs)
           ~~~~~~~~~~~~^^^^^^^^^^^^^^^^^^^^^^
  File "/Users/okamoto/My Project/kabu_doragon/.venv/lib/python3.14/site-packages/requests/sessions.py", line 592, in request
    resp = self.send(prep, **send_kwargs)
  File "/Users/okamoto/My Project/kabu_doragon/.venv/lib/python3.14/site-packages/requests/sessions.py", line 706, in send
    r = adapter.send(request, **kwargs)
  File "/Users/okamoto/My Project/kabu_doragon/.venv/lib/python3.14/site-packages/requests/adapters.py", line 678, in send
    raise ConnectionError(e, request=request)
requests.exceptions.ConnectionError: HTTPSConnectionPool(host='api.jquants.com', port=443): Max retries exceeded with url: /v2/equities/bars/daily?date=2026-04-23 (Caused by NameResolutionError("HTTPSConnection(host='api.jquants.com', port=443): Failed to resolve 'api.jquants.com' ([Errno 8] nodename nor servname provided, or not known)"))
[2026-04-30 14:26:58] ERROR: quality gate failed date=2026-04-28
[2026-04-30 19:19:17] ERROR: quality gate failed date=2026-04-30
Traceback (most recent call last):
  File "/Users/okamoto/My Project/kabu_doragon/.venv/lib/python3.14/site-packages/urllib3/connection.py", line 204, in _new_conn
    sock = connection.create_connection(
        (self._dns_host, self.port),
    ...<2 lines>...
        socket_options=self.socket_options,
    )
  File "/Users/okamoto/My Project/kabu_doragon/.venv/lib/python3.14/site-packages/urllib3/util/connection.py", line 60, in create_connection
    for res in socket.getaddrinfo(host, port, family, socket.SOCK_STREAM):
               ~~~~~~~~~~~~~~~~~~^^^^^^^^^^^^^^^^^^^^^^^^^^^^^^^^^^^^^^^^
  File "/opt/homebrew/Cellar/python@3.14/3.14.3_1/Frameworks/Python.framework/Versions/3.14/lib/python3.14/socket.py", line 983, in getaddrinfo
    for res in _socket.getaddrinfo(host, port, family, type, proto, flags):
               ~~~~~~~~~~~~~~~~~~~^^^^^^^^^^^^^^^^^^^^^^^^^^^^^^^^^^^^^^^^
socket.gaierror: [Errno 8] nodename nor servname provided, or not known

The above exception was the direct cause of the following exception:

Traceback (most recent call last):
  File "/Users/okamoto/My Project/kabu_doragon/.venv/lib/python3.14/site-packages/urllib3/connectionpool.py", line 787, in urlopen
    response = self._make_request(
        conn,
    ...<10 lines>...
        **response_kw,
    )
  File "/Users/okamoto/My Project/kabu_doragon/.venv/lib/python3.14/site-packages/urllib3/connectionpool.py", line 488, in _make_request
    raise new_e
  File "/Users/okamoto/My Project/kabu_doragon/.venv/lib/python3.14/site-packages/urllib3/connectionpool.py", line 464, in _make_request
    self._validate_conn(conn)
    ~~~~~~~~~~~~~~~~~~~^^^^^^
  File "/Users/okamoto/My Project/kabu_doragon/.venv/lib/python3.14/site-packages/urllib3/connectionpool.py", line 1093, in _validate_conn
    conn.connect()
    ~~~~~~~~~~~~^^
  File "/Users/okamoto/My Project/kabu_doragon/.venv/lib/python3.14/site-packages/urllib3/connection.py", line 759, in connect
    self.sock = sock = self._new_conn()
                       ~~~~~~~~~~~~~~^^
  File "/Users/okamoto/My Project/kabu_doragon/.venv/lib/python3.14/site-packages/urllib3/connection.py", line 211, in _new_conn
    raise NameResolutionError(self.host, self, e) from e
urllib3.exceptions.NameResolutionError: HTTPSConnection(host='api.jquants.com', port=443): Failed to resolve 'api.jquants.com' ([Errno 8] nodename nor servname provided, or not known)

The above exception was the direct cause of the following exception:

Traceback (most recent call last):
  File "/Users/okamoto/My Project/kabu_doragon/.venv/lib/python3.14/site-packages/requests/adapters.py", line 645, in send
    resp = conn.urlopen(
        method=request.method,
    ...<9 lines>...
        chunked=chunked,
    )
  File "/Users/okamoto/My Project/kabu_doragon/.venv/lib/python3.14/site-packages/urllib3/connectionpool.py", line 871, in urlopen
    return self.urlopen(
           ~~~~~~~~~~~~^
        method,
        ^^^^^^^
    ...<13 lines>...
        **response_kw,
        ^^^^^^^^^^^^^^
    )
    ^
  File "/Users/okamoto/My Project/kabu_doragon/.venv/lib/python3.14/site-packages/urllib3/connectionpool.py", line 871, in urlopen
    return self.urlopen(
           ~~~~~~~~~~~~^
        method,
        ^^^^^^^
    ...<13 lines>...
        **response_kw,
        ^^^^^^^^^^^^^^
    )
    ^
  File "/Users/okamoto/My Project/kabu_doragon/.venv/lib/python3.14/site-packages/urllib3/connectionpool.py", line 871, in urlopen
    return self.urlopen(
           ~~~~~~~~~~~~^
        method,
        ^^^^^^^
    ...<13 lines>...
        **response_kw,
        ^^^^^^^^^^^^^^
    )
    ^
  File "/Users/okamoto/My Project/kabu_doragon/.venv/lib/python3.14/site-packages/urllib3/connectionpool.py", line 841, in urlopen
    retries = retries.increment(
        method, url, error=new_e, _pool=self, _stacktrace=sys.exc_info()[2]
    )
  File "/Users/okamoto/My Project/kabu_doragon/.venv/lib/python3.14/site-packages/urllib3/util/retry.py", line 535, in increment
    raise MaxRetryError(_pool, url, reason) from reason  # type: ignore[arg-type]
    ^^^^^^^^^^^^^^^^^^^^^^^^^^^^^^^^^^^^^^^^^^^^^^^^^^^
urllib3.exceptions.MaxRetryError: HTTPSConnectionPool(host='api.jquants.com', port=443): Max retries exceeded with url: /v2/markets/calendar?from=2026-04-16&to=2026-04-30 (Caused by NameResolutionError("HTTPSConnection(host='api.jquants.com', port=443): Failed to resolve 'api.jquants.com' ([Errno 8] nodename nor servname provided, or not known)"))

During handling of the above exception, another exception occurred:

Traceback (most recent call last):
  File "/Users/okamoto/My Project/kabu_doragon/scripts/check_jquants_latest.py", line 45, in <module>
    raise SystemExit(main())
                     ~~~~^^
  File "/Users/okamoto/My Project/kabu_doragon/scripts/check_jquants_latest.py", line 29, in main
    target_date = resolve_latest_trading_date(client, api_version)
  File "/Users/okamoto/My Project/kabu_doragon/src/jquants_provider.py", line 954, in resolve_latest_trading_date
    trading_dates = fetch_trading_dates(client, api_version, today - timedelta(days=14), today)
  File "/Users/okamoto/My Project/kabu_doragon/src/jquants_provider.py", line 1034, in fetch_trading_dates
    frame = client.get_mkt_calendar(
        from_yyyymmdd=format_yyyymmdd(start_date),
        to_yyyymmdd=format_yyyymmdd(end_date),
    )
  File "/Users/okamoto/My Project/kabu_doragon/.venv/lib/python3.14/site-packages/jquantsapi/client_v2.py", line 1109, in get_mkt_calendar
    return self._mkt_calendar_api.execute(
           ~~~~~~~~~~~~~~~~~~~~~~~~~~~~~~^
        self,
        ^^^^^
    ...<2 lines>...
        to_yyyymmdd=to_yyyymmdd,
        ^^^^^^^^^^^^^^^^^^^^^^^^
    )
    ^
  File "/Users/okamoto/My Project/kabu_doragon/.venv/lib/python3.14/site-packages/jquantsapi/apis/v2/markets.py", line 290, in execute
    data = client._get_paginated(  # type: ignore[attr-defined]
        "/markets/calendar",
        params=params,
    )
  File "/Users/okamoto/My Project/kabu_doragon/.venv/lib/python3.14/site-packages/jquantsapi/client_v2.py", line 268, in _get_paginated
    resp = self._get(url, params=query)
  File "/Users/okamoto/My Project/kabu_doragon/.venv/lib/python3.14/site-packages/jquantsapi/client_v2.py", line 243, in _get
    resp = session.get(url, params=params, headers=headers, timeout=30)
  File "/Users/okamoto/My Project/kabu_doragon/.venv/lib/python3.14/site-packages/requests/sessions.py", line 605, in get
    return self.request("GET", url, **kwargs)
           ~~~~~~~~~~~~^^^^^^^^^^^^^^^^^^^^^^
  File "/Users/okamoto/My Project/kabu_doragon/.venv/lib/python3.14/site-packages/requests/sessions.py", line 592, in request
    resp = self.send(prep, **send_kwargs)
  File "/Users/okamoto/My Project/kabu_doragon/.venv/lib/python3.14/site-packages/requests/sessions.py", line 706, in send
    r = adapter.send(request, **kwargs)
  File "/Users/okamoto/My Project/kabu_doragon/.venv/lib/python3.14/site-packages/requests/adapters.py", line 678, in send
    raise ConnectionError(e, request=request)
requests.exceptions.ConnectionError: HTTPSConnectionPool(host='api.jquants.com', port=443): Max retries exceeded with url: /v2/markets/calendar?from=2026-04-16&to=2026-04-30 (Caused by NameResolutionError("HTTPSConnection(host='api.jquants.com', port=443): Failed to resolve 'api.jquants.com' ([Errno 8] nodename nor servname provided, or not known)"))
[2026-04-30 20:00:42] ERROR: pre-check failed with exit 1
Traceback (most recent call last):
  File "/Users/okamoto/My Project/kabu_doragon/.venv/lib/python3.14/site-packages/urllib3/connection.py", line 204, in _new_conn
    sock = connection.create_connection(
        (self._dns_host, self.port),
    ...<2 lines>...
        socket_options=self.socket_options,
    )
  File "/Users/okamoto/My Project/kabu_doragon/.venv/lib/python3.14/site-packages/urllib3/util/connection.py", line 60, in create_connection
    for res in socket.getaddrinfo(host, port, family, socket.SOCK_STREAM):
               ~~~~~~~~~~~~~~~~~~^^^^^^^^^^^^^^^^^^^^^^^^^^^^^^^^^^^^^^^^
  File "/opt/homebrew/Cellar/python@3.14/3.14.3_1/Frameworks/Python.framework/Versions/3.14/lib/python3.14/socket.py", line 983, in getaddrinfo
    for res in _socket.getaddrinfo(host, port, family, type, proto, flags):
               ~~~~~~~~~~~~~~~~~~~^^^^^^^^^^^^^^^^^^^^^^^^^^^^^^^^^^^^^^^^
socket.gaierror: [Errno 8] nodename nor servname provided, or not known

The above exception was the direct cause of the following exception:

Traceback (most recent call last):
  File "/Users/okamoto/My Project/kabu_doragon/.venv/lib/python3.14/site-packages/urllib3/connectionpool.py", line 787, in urlopen
    response = self._make_request(
        conn,
    ...<10 lines>...
        **response_kw,
    )
  File "/Users/okamoto/My Project/kabu_doragon/.venv/lib/python3.14/site-packages/urllib3/connectionpool.py", line 488, in _make_request
    raise new_e
  File "/Users/okamoto/My Project/kabu_doragon/.venv/lib/python3.14/site-packages/urllib3/connectionpool.py", line 464, in _make_request
    self._validate_conn(conn)
    ~~~~~~~~~~~~~~~~~~~^^^^^^
  File "/Users/okamoto/My Project/kabu_doragon/.venv/lib/python3.14/site-packages/urllib3/connectionpool.py", line 1093, in _validate_conn
    conn.connect()
    ~~~~~~~~~~~~^^
  File "/Users/okamoto/My Project/kabu_doragon/.venv/lib/python3.14/site-packages/urllib3/connection.py", line 759, in connect
    self.sock = sock = self._new_conn()
                       ~~~~~~~~~~~~~~^^
  File "/Users/okamoto/My Project/kabu_doragon/.venv/lib/python3.14/site-packages/urllib3/connection.py", line 211, in _new_conn
    raise NameResolutionError(self.host, self, e) from e
urllib3.exceptions.NameResolutionError: HTTPSConnection(host='api.jquants.com', port=443): Failed to resolve 'api.jquants.com' ([Errno 8] nodename nor servname provided, or not known)

The above exception was the direct cause of the following exception:

Traceback (most recent call last):
  File "/Users/okamoto/My Project/kabu_doragon/.venv/lib/python3.14/site-packages/requests/adapters.py", line 645, in send
    resp = conn.urlopen(
        method=request.method,
    ...<9 lines>...
        chunked=chunked,
    )
  File "/Users/okamoto/My Project/kabu_doragon/.venv/lib/python3.14/site-packages/urllib3/connectionpool.py", line 871, in urlopen
    return self.urlopen(
           ~~~~~~~~~~~~^
        method,
        ^^^^^^^
    ...<13 lines>...
        **response_kw,
        ^^^^^^^^^^^^^^
    )
    ^
  File "/Users/okamoto/My Project/kabu_doragon/.venv/lib/python3.14/site-packages/urllib3/connectionpool.py", line 871, in urlopen
    return self.urlopen(
           ~~~~~~~~~~~~^
        method,
        ^^^^^^^
    ...<13 lines>...
        **response_kw,
        ^^^^^^^^^^^^^^
    )
    ^
  File "/Users/okamoto/My Project/kabu_doragon/.venv/lib/python3.14/site-packages/urllib3/connectionpool.py", line 871, in urlopen
    return self.urlopen(
           ~~~~~~~~~~~~^
        method,
        ^^^^^^^
    ...<13 lines>...
        **response_kw,
        ^^^^^^^^^^^^^^
    )
    ^
  File "/Users/okamoto/My Project/kabu_doragon/.venv/lib/python3.14/site-packages/urllib3/connectionpool.py", line 841, in urlopen
    retries = retries.increment(
        method, url, error=new_e, _pool=self, _stacktrace=sys.exc_info()[2]
    )
  File "/Users/okamoto/My Project/kabu_doragon/.venv/lib/python3.14/site-packages/urllib3/util/retry.py", line 535, in increment
    raise MaxRetryError(_pool, url, reason) from reason  # type: ignore[arg-type]
    ^^^^^^^^^^^^^^^^^^^^^^^^^^^^^^^^^^^^^^^^^^^^^^^^^^^
urllib3.exceptions.MaxRetryError: HTTPSConnectionPool(host='api.jquants.com', port=443): Max retries exceeded with url: /v2/markets/calendar?from=2026-04-17&to=2026-05-01 (Caused by NameResolutionError("HTTPSConnection(host='api.jquants.com', port=443): Failed to resolve 'api.jquants.com' ([Errno 8] nodename nor servname provided, or not known)"))

During handling of the above exception, another exception occurred:

Traceback (most recent call last):
  File "/Users/okamoto/My Project/kabu_doragon/scripts/check_jquants_latest.py", line 45, in <module>
    raise SystemExit(main())
                     ~~~~^^
  File "/Users/okamoto/My Project/kabu_doragon/scripts/check_jquants_latest.py", line 29, in main
    target_date = resolve_latest_trading_date(client, api_version)
  File "/Users/okamoto/My Project/kabu_doragon/src/jquants_provider.py", line 954, in resolve_latest_trading_date
    trading_dates = fetch_trading_dates(client, api_version, today - timedelta(days=14), today)
  File "/Users/okamoto/My Project/kabu_doragon/src/jquants_provider.py", line 1034, in fetch_trading_dates
    frame = client.get_mkt_calendar(
        from_yyyymmdd=format_yyyymmdd(start_date),
        to_yyyymmdd=format_yyyymmdd(end_date),
    )
  File "/Users/okamoto/My Project/kabu_doragon/.venv/lib/python3.14/site-packages/jquantsapi/client_v2.py", line 1109, in get_mkt_calendar
    return self._mkt_calendar_api.execute(
           ~~~~~~~~~~~~~~~~~~~~~~~~~~~~~~^
        self,
        ^^^^^
    ...<2 lines>...
        to_yyyymmdd=to_yyyymmdd,
        ^^^^^^^^^^^^^^^^^^^^^^^^
    )
    ^
  File "/Users/okamoto/My Project/kabu_doragon/.venv/lib/python3.14/site-packages/jquantsapi/apis/v2/markets.py", line 290, in execute
    data = client._get_paginated(  # type: ignore[attr-defined]
        "/markets/calendar",
        params=params,
    )
  File "/Users/okamoto/My Project/kabu_doragon/.venv/lib/python3.14/site-packages/jquantsapi/client_v2.py", line 268, in _get_paginated
    resp = self._get(url, params=query)
  File "/Users/okamoto/My Project/kabu_doragon/.venv/lib/python3.14/site-packages/jquantsapi/client_v2.py", line 243, in _get
    resp = session.get(url, params=params, headers=headers, timeout=30)
  File "/Users/okamoto/My Project/kabu_doragon/.venv/lib/python3.14/site-packages/requests/sessions.py", line 605, in get
    return self.request("GET", url, **kwargs)
           ~~~~~~~~~~~~^^^^^^^^^^^^^^^^^^^^^^
  File "/Users/okamoto/My Project/kabu_doragon/.venv/lib/python3.14/site-packages/requests/sessions.py", line 592, in request
    resp = self.send(prep, **send_kwargs)
  File "/Users/okamoto/My Project/kabu_doragon/.venv/lib/python3.14/site-packages/requests/sessions.py", line 706, in send
    r = adapter.send(request, **kwargs)
  File "/Users/okamoto/My Project/kabu_doragon/.venv/lib/python3.14/site-packages/requests/adapters.py", line 678, in send
    raise ConnectionError(e, request=request)
requests.exceptions.ConnectionError: HTTPSConnectionPool(host='api.jquants.com', port=443): Max retries exceeded with url: /v2/markets/calendar?from=2026-04-17&to=2026-05-01 (Caused by NameResolutionError("HTTPSConnection(host='api.jquants.com', port=443): Failed to resolve 'api.jquants.com' ([Errno 8] nodename nor servname provided, or not known)"))
[2026-05-01 08:00:07] ERROR: pre-check failed with exit 1
